종목 100개 · 1998-01-02~2026-09-10 (7216거래일) · 슬롯 10 · 만기 20일 · 편도 5.0bp
★ 오늘의 나스닥100 = 생존 편향. 탐색 전용이다.

  rho 0.50: 군집 수 (중간/최근) 16 / 60
  rho 0.60: 군집 수 (중간/최근) 34 / 77
  rho 0.70: 군집 수 (중간/최근) 51 / 88
불변식 통과 — 기준선 동치 0.0, 미래참조 없음(rho 3개), 기준선이 한도(2)를 넘긴 날 1756일 → 제약이 실제로 구속한다

### ① 전체표본 격자 (탐 1999~2014 / 검 2015~2026) — 표본 내, 채택 근거 아님
      config  탐_cagr  탐_sharpe  탐_mdd  탐_calmar  검_cagr  검_sharpe  검_mdd  검_calmar  최대단일비중  연turnover
   기준선(한도없음)   29.97     1.014 -62.30      0.48   33.29     1.176 -37.44      0.89    20.9       12.5
rho0.50/cap2   30.45     1.035 -59.76      0.51   31.00     1.143 -36.38      0.85    20.9       12.5
rho0.50/cap3   28.87     0.991 -64.25      0.45   31.99     1.157 -35.42      0.90    20.9       12.5
rho0.50/cap4   29.31     1.001 -62.30      0.47   32.84     1.172 -36.53      0.90    20.9       12.5
rho0.60/cap2   31.24     1.052 -58.52      0.53   32.74     1.182 -37.33      0.88    20.9       12.5
rho0.60/cap3   30.22     1.024 -62.52      0.48   32.95     1.175 -38.59      0.85    20.9       12.5
rho0.60/cap4   30.00     1.017 -62.30      0.48   33.38     1.181 -37.46      0.89    20.9       12.5
rho0.70/cap2   30.33     1.025 -61.70      0.49   33.63     1.194 -38.16      0.88    20.9       12.5
rho0.70/cap3   30.06     1.016 -62.30      0.48   33.46     1.184 -37.46      0.89    20.9       12.5
rho0.70/cap4   29.97     1.014 -62.30      0.48   33.17     1.172 -37.44      0.89    20.9       12.5

### ② nested walk-forward (6 fold · 선택 시도 10개/fold · embargo 20일)
 fold test_start   test_end     selected  val_sharpe  base_ret_pct  sel_ret_pct  base_sharpe  sel_sharpe  base_mdd_pct  sel_mdd_pct
    0 2004-03-18 2007-12-12 rho0.50/cap3       1.216        131.31       143.29        1.140       1.205        -21.85       -21.85
    1 2007-12-13 2011-09-09 rho0.50/cap2       0.609          8.48         9.82        0.233       0.241        -61.36       -59.82
    2 2011-09-12 2015-06-11 rho0.50/cap3       1.100        192.51       203.18        1.568       1.620        -15.46       -15.46
    3 2015-06-12 2019-03-11 rho0.50/cap2       1.655        125.11       122.76        1.195       1.189        -21.06       -22.29
    4 2019-03-12 2022-12-05 rho0.50/cap2       1.252         57.74       143.17        0.545       0.930        -57.03       -52.40
    5 2022-12-06 2026-09-10 rho0.70/cap2       0.387        267.41       275.57        1.294       1.316        -29.72       -29.72

  fold 시험구간 이어붙임: 기준선 Sharpe 0.895 MDD -62.9% | 상관군한도 Sharpe 0.994 MDD -61.4%
  누적수익 차 +69.0401 (95% CI +1.957~+856.921), Sharpe 차 +0.099 (CI +0.017~+0.177)
  → CI 가 0 을 제외한다

### ③-b fold 하나를 빼면 (Sharpe 차) — 한 구간이 결론을 끌고 가는지 본다
 제외_fold  n_days  d_sharpe     lo    hi  CI_0_제외
       0    4709     0.104  0.015 0.192     True
       1    4708     0.124  0.049 0.200     True
       2    4708     0.105  0.018 0.196     True
       3    4709     0.114  0.026 0.207     True
       4    4708     0.027 -0.041 0.101    False
       5    4708     0.117  0.027 0.218     True

### ④ 편도 비용 민감도 (전체표본. 0/5/10/20bp 는 스트레스 격자지 실제 비용이 아니다)
 편도bps      config  cagr  sharpe    mdd  연turnover
     0         기준선 32.97   1.118 -61.23       12.5
     0 rho0.6/cap3 32.98   1.124 -61.46       12.5
     5         기준선 31.31   1.075 -62.30       12.5
     5 rho0.6/cap3 31.33   1.081 -62.52       12.5
    10         기준선 29.67   1.032 -63.34       12.5
    10 rho0.6/cap3 29.69   1.037 -63.56       12.5
    20         기준선 26.45   0.945 -65.34       12.5
    20 rho0.6/cap3 26.46   0.950 -65.55       12.5

산출물: corr_grid.csv, corr_nested.csv, corr_bootstrap.csv, corr_lofo.csv, corr_cost_sensitivity.csv
