[market_data] 최근 1년 데이터가 거의 없는 티커 1개: ['EA'] — 야후에서 이력이 사라졌을 수 있다. 백테스트 유니버스에서 조용히 빠진다.
[pit] 당시 구성종목 적용: 2939/7216일 (커버리지 2015-01-01 이후). 하루 평균 후보 88종목. 끄려면 PIT=0
종목 100개 · 1998-01-02~2026-09-10 (7216거래일) · 슬롯 10 · 만기 20일 · 편도 5.0bp
★ 오늘의 나스닥100 = 생존 편향. 탐색 전용이다.

  rho 0.50: 군집 수 (중간/최근) 16 / 60
  rho 0.60: 군집 수 (중간/최근) 34 / 77
  rho 0.70: 군집 수 (중간/최근) 51 / 88
불변식 통과 — 기준선 동치 0.0, 미래참조 없음(rho 3개), 기준선이 한도(2)를 넘긴 날 2044일 → 제약이 실제로 구속한다

### ① 전체표본 격자 (탐 1999~2014 / 검 2015~2026) — 표본 내, 채택 근거 아님
      config  탐_cagr  탐_sharpe  탐_mdd  탐_calmar  검_cagr  검_sharpe  검_mdd  검_calmar  최대단일비중  연turnover
   기준선(한도없음)   29.97     1.014 -62.30      0.48   21.50     0.884 -38.63      0.56    20.9       12.5
rho0.50/cap2   30.45     1.035 -59.76      0.51   19.54     0.859 -36.45      0.54    20.9       12.5
rho0.50/cap3   28.87     0.991 -64.25      0.45   19.61     0.851 -35.77      0.55    20.9       12.5
rho0.50/cap4   29.31     1.001 -62.30      0.47   20.19     0.862 -37.95      0.53    20.9       12.5
rho0.60/cap2   31.24     1.052 -58.52      0.53   20.09     0.864 -39.94      0.50    20.9       12.5
rho0.60/cap3   30.22     1.024 -62.52      0.48   20.04     0.849 -39.92      0.50    20.9       12.6
rho0.60/cap4   30.00     1.017 -62.30      0.48   20.86     0.869 -39.59      0.53    20.9       12.5
rho0.70/cap2   30.33     1.025 -61.70      0.49   21.16     0.883 -37.43      0.57    20.9       12.5
rho0.70/cap3   30.06     1.016 -62.30      0.48   21.19     0.878 -37.76      0.56    20.9       12.5
rho0.70/cap4   29.97     1.014 -62.30      0.48   21.11     0.871 -38.63      0.55    20.9       12.5

### ② nested walk-forward (6 fold · 선택 시도 10개/fold · embargo 20일)
 fold test_start   test_end     selected  val_sharpe  base_ret_pct  sel_ret_pct  base_sharpe  sel_sharpe  base_mdd_pct  sel_mdd_pct
    0 2004-03-18 2007-12-12 rho0.50/cap3       1.216        131.31       143.29        1.140       1.205        -21.85       -21.85
    1 2007-12-13 2011-09-09 rho0.50/cap2       0.609          8.48         9.82        0.233       0.241        -61.36       -59.82
    2 2011-09-12 2015-06-11 rho0.50/cap3       1.100        198.09       209.20        1.592       1.645        -15.46       -15.46
    3 2015-06-12 2019-03-11 rho0.50/cap2       1.557         56.72        70.48        0.722       0.856        -21.60       -20.46
    4 2019-03-12 2022-12-05 rho0.50/cap3       0.584         62.00        83.99        0.583       0.713        -49.80       -44.11
    5 2022-12-06 2026-09-10 rho0.50/cap2       0.279        136.24        97.45        0.978       0.843        -38.18       -39.19

  fold 시험구간 이어붙임: 기준선 Sharpe 0.789 MDD -62.9% | 상관군한도 Sharpe 0.827 MDD -61.4%
  누적수익 차 +6.3029 (95% CI -38.585~+97.783), Sharpe 차 +0.038 (CI -0.058~+0.130)
  → CI 가 0 을 포함한다 (부호를 가릴 수 없다)

### ③-b fold 하나를 빼면 (Sharpe 차) — 한 구간이 결론을 끌고 가는지 본다
 제외_fold  n_days  d_sharpe     lo    hi  CI_0_제외
       0    4709     0.032 -0.071 0.151    False
       1    4708     0.053 -0.050 0.166    False
       2    4708     0.032 -0.078 0.151    False
       3    4709     0.025 -0.083 0.141    False
       4    4708     0.015 -0.070 0.103    False
       5    4708     0.075 -0.032 0.190    False

### ④ 편도 비용 민감도 (전체표본. 0/5/10/20bp 는 스트레스 격자지 실제 비용이 아니다)
 편도bps      config  cagr  sharpe    mdd  연turnover
     0         기준선 28.05   1.007 -61.23       12.5
     0 rho0.6/cap3 27.57   1.001 -61.46       12.5
     5         기준선 26.45   0.963 -62.30       12.5
     5 rho0.6/cap3 25.98   0.957 -62.52       12.6
    10         기준선 24.87   0.919 -63.34       12.6
    10 rho0.6/cap3 24.40   0.912 -63.56       12.6
    20         기준선 21.77   0.830 -65.34       12.6
    20 rho0.6/cap3 21.31   0.823 -65.55       12.6

산출물: corr_grid.csv, corr_nested.csv, corr_bootstrap.csv, corr_lofo.csv, corr_cost_sensitivity.csv
