### ①② 이웃·최소변경안 (DSR N=37 로 재계산 — 전체 시도 합산)
                      설정  CAGR%  Sharpe  MDD%  Calmar  평균주식비중%  연turnover  Sh 15~20  Sh 21~26  Sh 25bp  Sh 편향99~14   ΔSh        ΔSh CI   DSR 편향구간 방향        판정
            L0 현행(운영 근사)   7.63   0.450 -29.5    0.26       86       10.8     0.578     0.345    0.225       1.076   NaN           NaN   NaN     NaN       NaN
             X2 추적손절 15%  12.09   0.646 -29.7    0.41       86       11.5     0.748     0.561    0.484       0.826 0.196 +0.006~+0.395 0.290      반대 CANDIDATE
              X12 만기 40일  13.93   0.693 -28.2    0.49       85        5.5     0.921     0.499    0.627       1.236 0.243 +0.029~+0.468 0.404      같음 CANDIDATE
      X14 만기 때 상위20이면 연장  15.00   0.746 -30.9    0.49       85        7.4     0.811     0.697    0.642       1.168 0.296 +0.083~+0.506 0.761      같음 CANDIDATE
          E2 순위=126일 모멘텀  14.10   0.728 -33.1    0.43       77        9.6     0.908     0.578    0.591       1.120 0.278 +0.018~+0.530 0.340      같음 CANDIDATE
        E3 순위=12-1개월 모멘텀  12.60   0.686 -28.0    0.45       72        9.2     0.858     0.551    0.550       1.086 0.236 -0.088~+0.574 0.158      같음 CANDIDATE
C 조합: R4 + X14 + M4 + E2  24.82   0.841 -43.4    0.57      100        2.3     1.150     0.594    0.796       1.004 0.391 +0.080~+0.723 0.743      반대 CANDIDATE
     X14b 만기 때 상위10이면 연장   8.57   0.488 -29.5    0.29       86        8.9     0.603     0.390    0.364       1.018 0.038 -0.108~+0.180 0.048      반대 CANDIDATE
     X14c 만기 때 상위30이면 연장  11.07   0.591 -33.6    0.33       85        7.0     0.627     0.567    0.494       1.075 0.141 -0.054~+0.330 0.222      반대 CANDIDATE
     X14d 만기 때 상위40이면 연장  13.83   0.700 -25.4    0.54       85        6.1     0.718     0.691    0.305       1.044 0.250 +0.077~+0.432 0.549      반대 CANDIDATE
   P1 E2+X14 (126일·연장20)  16.01   0.789 -29.4    0.55       79        4.7     1.042     0.575    0.695       1.234 0.339 +0.038~+0.629 0.453      같음 CANDIDATE
   P2 E3+X14 (12-1·연장20)  13.84   0.731 -31.2    0.44       75        4.4     0.809     0.667    0.760       1.110 0.281 -0.037~+0.628 0.229      같음 CANDIDATE

### ③ 연도 하나 빼고 ΔSharpe vs L0 (행 = 뺀 연도)
        X14     E2     P1     P2    X12     X2      C
2015  0.286  0.269  0.294  0.261  0.240  0.186  0.358
2016  0.299  0.229  0.272  0.197  0.209  0.212  0.330
2017  0.309  0.307  0.370  0.307  0.237  0.172  0.397
2018  0.321  0.289  0.360  0.277  0.276  0.209  0.420
2019  0.321  0.311  0.345  0.280  0.266  0.187  0.439
2020  0.269  0.231  0.331  0.397  0.176  0.222  0.309
2021  0.354  0.300  0.339  0.301  0.211  0.199  0.450
2022  0.281  0.298  0.337  0.290  0.282  0.195  0.427
2023  0.305  0.300  0.405  0.328  0.275  0.224  0.432
2024  0.294  0.313  0.406  0.259  0.228  0.161  0.400
2025  0.325  0.272  0.329  0.246  0.247  0.196  0.315
2026  0.183  0.209  0.283  0.240  0.267  0.188  0.405
  최소값: {'X14': 0.183, 'E2': 0.209, 'P1': 0.272, 'P2': 0.197, 'X12': 0.176, 'X2': 0.161, 'C': 0.309}

### ④ QQQ 매수보유 대비 (QQQ: CAGR 18.86% · Sharpe 0.898 · MDD -35.1%)
                      설정  CAGR%  Sharpe  MDD%  QQQ 대비 ΔSh            CI  누적수익 차
            L0 현행(운영 근사)   7.63   0.450 -29.5      -0.448 -0.834~-0.098   -5.14
      X14 만기 때 상위20이면 연장  15.00   0.746 -30.9      -0.152 -0.635~+0.276   -2.40
          E2 순위=126일 모멘텀  14.10   0.728 -33.1      -0.171 -0.604~+0.233   -2.84
   P1 E2+X14 (126일·연장20)  16.01   0.789 -29.4      -0.109 -0.563~+0.289   -1.84
   P2 E3+X14 (12-1·연장20)  13.84   0.731 -31.2      -0.167 -0.555~+0.203   -2.96
              X12 만기 40일  13.93   0.693 -28.2      -0.205 -0.615~+0.154   -2.92
             X2 추적손절 15%  12.09   0.646 -29.7      -0.253 -0.621~+0.089   -3.71
C 조합: R4 + X14 + M4 + E2  24.82   0.841 -43.4      -0.058 -0.392~+0.273    5.77
