### ① 확장창 연도별 선택 (편도 10bp) — 그 해 이전 자료로만 골랐다
  연도               선택                     근거  선택 수익%  L0 수익%
2015       X12 만기 40일           편향 1999~2014     0.1    -4.1
2016 X5 추적손절 15%·만기없음 PIT 2015-01~2015-12-02    11.4    -0.2
2017       X13 만기 60일 PIT 2015-01~2016-12-01    10.2    22.4
2018 X5 추적손절 15%·만기없음 PIT 2015-01~2017-11-30    -0.2    -5.3
2019 X5 추적손절 15%·만기없음 PIT 2015-01~2018-11-29    27.5    21.7
2020 X5 추적손절 15%·만기없음 PIT 2015-01~2019-12-02    26.8    28.8
2021 X5 추적손절 15%·만기없음 PIT 2015-01~2020-12-02    21.5     8.5
2022 X5 추적손절 15%·만기없음 PIT 2015-01~2021-12-02    -7.5   -17.8
2023 X5 추적손절 15%·만기없음 PIT 2015-01~2022-12-01     4.9    28.5
2024 X5 추적손절 15%·만기없음 PIT 2015-01~2023-11-30    -1.9     1.3
2025 X5 추적손절 15%·만기없음 PIT 2015-01~2024-12-02     2.4    -9.0
2026 X5 추적손절 15%·만기없음 PIT 2015-01~2025-12-02    -4.4    28.3
  고정-편향안(1999~2014 Sharpe 1위): X12 만기 40일

### ① 걷는 선택의 표본 외 성적 (2015~2026)
 비용bp             설정  CAGR%  Sharpe  MDD%  Calmar  L0 대비 ΔSh         L0 CI  QQQ 대비 ΔSh        QQQ CI
 10.0 고정-편향 선택 [X12]  13.93   0.693 -28.2    0.49      0.243 +0.029~+0.468      -0.205 -0.615~+0.154
 10.0         확장창 선택   7.19   0.524 -19.8    0.36      0.074 -0.296~+0.421      -0.375 -0.858~+0.022
 10.0          L0 현행   7.63   0.450 -29.5    0.26        NaN           NaN      -0.448 -0.834~-0.098
 10.0       QQQ 매수보유  18.86   0.898 -35.1    0.54      0.448 +0.098~+0.834         NaN           NaN
 25.0 고정-편향 선택 [X12]  12.26   0.627 -29.3    0.42      0.402 +0.163~+0.644      -0.271 -0.685~+0.090
 25.0         확장창 선택   6.43   0.478 -20.2    0.32      0.253 -0.179~+0.635      -0.420 -0.902~-0.021
 25.0          L0 현행   2.56   0.225 -38.0    0.07        NaN           NaN      -0.673 -1.104~-0.301
 25.0       QQQ 매수보유  18.86   0.898 -35.1    0.54      0.673 +0.301~+1.104         NaN           NaN

### ② QQQ 혼합 (월초 리밸런싱, 편도 10bp)
 QQQ비중%                    설정  CAGR%  Sharpe  MDD%  Calmar  L0 대비 ΔSh         L0 CI  QQQ 대비 ΔSh        QQQ CI
      0                 L0 현행   7.63   0.450 -29.5    0.26     -0.000 -0.000~+0.000      -0.448 -0.834~-0.098
     50                 L0 현행  13.34   0.719 -30.4    0.44      0.269 +0.085~+0.469      -0.179 -0.377~-0.005
     75                 L0 현행  16.13   0.825 -32.6    0.49      0.375 +0.103~+0.675      -0.074 -0.168~+0.008
      0              X14 만기연장  15.00   0.746 -30.9    0.49      0.296 +0.083~+0.506      -0.152 -0.635~+0.276
     50              X14 만기연장  17.22   0.879 -28.4    0.61      0.429 +0.225~+0.669      -0.019 -0.260~+0.212
     75              X14 만기연장  18.12   0.904 -31.7    0.57      0.454 +0.188~+0.771       0.006 -0.110~+0.120
      0               E2 126일  14.10   0.728 -33.1    0.43      0.278 +0.018~+0.530      -0.171 -0.604~+0.233
     50               E2 126일  16.70   0.865 -30.7    0.54      0.415 +0.173~+0.692      -0.033 -0.253~+0.172
     75               E2 126일  17.84   0.896 -32.8    0.54      0.445 +0.163~+0.771      -0.003 -0.109~+0.098
      0 P1 126일 모멘텀+연장20 (사후)  16.01   0.789 -29.4    0.55      0.339 +0.038~+0.629      -0.109 -0.563~+0.289
     50 P1 126일 모멘텀+연장20 (사후)  17.73   0.904 -29.9    0.59      0.454 +0.182~+0.754       0.006 -0.237~+0.218
     75 P1 126일 모멘텀+연장20 (사후)  18.37   0.917 -32.4    0.57      0.467 +0.171~+0.800       0.019 -0.100~+0.122
      0                확장창 선택   7.19   0.524 -19.8    0.36      0.074 -0.296~+0.421      -0.375 -0.858~+0.022
     50                확장창 선택  13.14   0.800 -25.6    0.51      0.350 +0.043~+0.680      -0.099 -0.285~+0.070
     75                확장창 선택  16.03   0.865 -30.4    0.53      0.415 +0.091~+0.770      -0.033 -0.112~+0.043
    100              QQQ 매수보유  18.86   0.898 -35.1    0.54      0.448 +0.098~+0.834         NaN           NaN

### ③ QQQ 에 대한 회귀 (일별, 2015~2026)
                   설정     β  α 연율%   α t    상관  추적오차%
                L0 현행 0.736  -4.82 -1.16 0.751   15.3
             X14 만기연장 0.742   1.79  0.41 0.740   15.8
              E2 126일 0.734   1.01  0.25 0.757   15.1
P1 126일 모멘텀+연장20 (사후) 0.729   2.91  0.66 0.731   16.1
               확장창 선택 0.502  -1.71 -0.53 0.705   15.5
