PIT 패널 2015-01-02~2026-09-10 · 179종목 · 하루 평균 후보 91 | 편향 패널 1999-01-04~2014-12-31 · 83종목
불변식: simulate_g 동치 괴리 6.7e-16 · prefix(끝 400일 삭제 후 재계산) 괴리 0.0e+00 (2538일)

### ① 보조지표 순위상관(IC) — PIT 2015~2020, 비중첩 20일
        지표  표본일    평균IC     t  IC>0비율%  상위10%초과%  하위10%초과%
     mom20   75 -0.0330 -1.67     40.0      0.06      0.44
     mom60   75  0.0088  0.45     52.0      0.94      0.08
    mom126   75  0.0408  1.76     65.3      1.21     -0.34
   mom12_1   75  0.0370  1.53     56.0      1.31     -0.01
mom20_vadj   75 -0.0309 -1.67     44.0     -0.27      0.25
      nh52   75  0.0122  0.49     50.7     -0.13      0.10
    lowvol   75 -0.0134 -0.60     53.3     -0.17      0.15
     rsi14   75 -0.0285 -1.40     42.7     -0.02      0.15
    dist50   75 -0.0156 -0.74     48.0      0.20      0.05
   dist200   75  0.0284  1.23     61.3      1.25     -0.25
      ret5   75 -0.0522 -2.52     29.3     -0.63      0.31
       bbp   75 -0.0401 -2.03     37.3     -0.59      0.27
     macdh   75 -0.0657 -3.36     33.3     -0.72      0.42

### ① 보조지표 순위상관(IC) — PIT 2021~2026, 비중첩 20일
        지표  표본일    평균IC     t  IC>0비율%  상위10%초과%  하위10%초과%
     mom20   70 -0.0020 -0.08     51.4      0.39      0.10
     mom60   70 -0.0080 -0.26     55.7     -0.12     -0.33
    mom126   70  0.0132  0.42     54.3      0.95     -0.22
   mom12_1   70  0.0189  0.57     58.6      1.04     -0.41
mom20_vadj   70  0.0144  0.61     55.7     -0.03     -0.26
      nh52   70  0.0152  0.47     57.1     -0.22     -0.76
    lowvol   70  0.0073  0.21     55.7     -0.56      0.64
     rsi14   70  0.0083  0.35     54.3      0.08      0.10
    dist50   70 -0.0009 -0.03     50.0      0.45     -0.12
   dist200   70  0.0145  0.44     57.1      0.48     -0.79
      ret5   70 -0.0321 -1.40     41.4     -0.37      0.73
       bbp   70 -0.0077 -0.36     54.3     -0.26     -0.57
     macdh   70 -0.0298 -1.25     42.9     -0.29     -0.09

### ① 보조지표 순위상관(IC) — 편향 1999~2014, 비중첩 20일
        지표  표본일    평균IC     t  IC>0비율%  상위10%초과%  하위10%초과%
     mom20  200 -0.0031 -0.23     49.5      0.89      0.50
     mom60  200  0.0008  0.06     53.0      1.09      0.44
    mom126  200  0.0093  0.65     54.5      0.89      1.41
   mom12_1  200  0.0235  1.52     55.0      1.04      0.74
mom20_vadj  200 -0.0100 -0.82     51.0      0.08      0.35
      nh52  200 -0.0179 -1.13     48.5     -0.29      1.58
    lowvol  200 -0.0188 -1.07     43.5     -0.77      1.49
     rsi14  200 -0.0177 -1.42     46.5      0.00      0.52
    dist50  200 -0.0077 -0.55     47.0      0.52      0.60
   dist200  200  0.0048  0.33     56.5      1.07      1.36
      ret5  200 -0.0208 -1.67     45.5     -0.12      0.31
       bbp  200 -0.0209 -1.82     49.5     -0.22      0.11
     macdh  200 -0.0065 -0.50     48.5      0.16      0.15

### ② 모멘텀 상위10 매수 10일 뒤 조건별 → 남은 10일 유니버스 대비 — PIT 2015~2020
     조건(보유 중)  해당건수  해당 초과%  비해당 초과%  날짜별차이%     t  비교일
 고점대비 -10% 이하    94    0.47     0.07   -0.40 -0.43   50
 고점대비 -15% 이하    29   -1.31     0.12   -2.96 -1.19   18
매수가대비 -10% 이하    67    0.09     0.09   -1.26 -1.14   41
    20일수익률 음전   278    0.58    -0.03    0.82  1.16  100
      50일선 하회   161    0.33     0.06    0.18  0.27   71
   RSI14 > 80    35    0.52     0.08    0.21  0.16   28
   RSI14 < 40    75    0.05     0.09   -0.27 -0.33   46
    볼린저%b > 1    59   -0.03     0.10   -0.59 -0.67   38
  MACD히스토 < 0   939    0.25    -0.22    0.64  1.60  125

### ② 모멘텀 상위10 매수 10일 뒤 조건별 → 남은 10일 유니버스 대비 — PIT 2021~2026
     조건(보유 중)  해당건수  해당 초과%  비해당 초과%  날짜별차이%     t  비교일
 고점대비 -10% 이하   177   -0.09     0.41   -0.40 -0.31   77
 고점대비 -15% 이하    76   -0.53     0.39   -0.91 -0.39   42
매수가대비 -10% 이하   131   -0.59     0.44   -1.36 -0.85   68
    20일수익률 음전   281    0.04     0.42   -0.82 -0.98   98
      50일선 하회   168   -0.17     0.41   -0.53 -0.39   72
   RSI14 > 80    39   -0.16     0.36   -2.27 -0.97   27
   RSI14 < 40    86    0.51     0.33   -0.05 -0.03   43
    볼린저%b > 1    85   -0.29     0.38   -0.42 -0.37   50
  MACD히스토 < 0   871    0.06     0.83   -0.78 -1.01  120

### ② 모멘텀 상위10 매수 10일 뒤 조건별 → 남은 10일 유니버스 대비 — 편향 1999~2014
     조건(보유 중)  해당건수  해당 초과%  비해당 초과%  날짜별차이%     t  비교일
 고점대비 -10% 이하   520    0.84     0.00    0.83  1.23  230
 고점대비 -15% 이하   211    1.32     0.05    0.77  0.79  127
매수가대비 -10% 이하   354    0.93     0.03    0.93  1.12  180
    20일수익률 음전   778    0.21     0.09    0.48  0.74  288
      50일선 하회   459    0.95     0.00    1.01  1.57  211
   RSI14 > 80    81    0.68     0.10    0.64  0.48   70
   RSI14 < 40   212    0.13     0.12    0.35  0.38  133
    볼린저%b > 1   196   -0.11     0.13   -0.15 -0.18  144
  MACD히스토 < 0  2410    0.35    -0.28    0.89  2.35  357

### ③ 그리드 — PIT 2015~2026 (편도 10bp, 시도 N=32), 조합 후보 ['R4 부가규칙 전부 제거(단순 슬롯)', 'X14 만기 때 상위20이면 연장', 'M4 대기현금 QQQ 보유', 'E2 순위=126일 모멘텀']
                      설정  CAGR%  Sharpe  MDD%  Calmar  평균주식비중%  연turnover  Sh 15~20  Sh 21~26  Sh 25bp  Sh 편향99~14    ΔSh        ΔSh CI   DSR 편향구간 방향        판정
            L0 현행(운영 근사)   7.63   0.450 -29.5    0.26       86       10.8     0.578     0.345    0.225       1.076    NaN           NaN   NaN     NaN       NaN
     R1 국면전환(저변동성 선별) 제거  10.08   0.539 -39.5    0.26       83       10.5     0.619     0.478    0.428       0.935  0.088 -0.139~+0.321 0.109      반대 CANDIDATE
             R2 변동성타겟 제거   8.38   0.462 -30.4    0.28       88       11.1     0.615     0.348    0.305       0.960  0.012 -0.108~+0.145 0.072      반대 CANDIDATE
     R3 모멘텀등급 사이징 제거(균등)   9.39   0.525 -38.3    0.25       87       11.0     0.644     0.427    0.407       1.043  0.075 -0.148~+0.299 0.068      반대 CANDIDATE
    R4 부가규칙 전부 제거(단순 슬롯)  14.08   0.619 -40.7    0.35      100       12.5     0.774     0.509    0.481       0.849  0.169 -0.048~+0.420 0.376      반대 CANDIDATE
             X1 추적손절 10%  10.86   0.594 -31.2    0.35       85       12.6     0.731     0.480    0.390       1.059  0.144 -0.074~+0.381 0.152      반대 CANDIDATE
             X2 추적손절 15%  12.09   0.646 -29.7    0.41       86       11.5     0.748     0.561    0.484       0.826  0.196 +0.006~+0.395 0.309      반대 CANDIDATE
             X3 추적손절 20%   7.12   0.428 -30.5    0.23       86       11.1     0.593     0.284    0.300       0.907 -0.022 -0.209~+0.157 0.011      같음    REJECT
             X4 추적손절 25%   7.59   0.450 -30.8    0.25       86       10.9     0.425     0.475    0.398       0.979 -0.000 -0.158~+0.172 0.017      같음    REJECT
        X5 추적손절 15%·만기없음   9.47   0.653 -19.8    0.48       88        1.7     1.029     0.222    0.623       1.121  0.203 -0.173~+0.573 0.026      같음    REJECT
        X6 추적손절 25%·만기없음   6.66   0.494 -27.1    0.25       86        0.5     0.666     0.297    0.484       1.192  0.044 -0.347~+0.465 0.006      같음    REJECT
               X7 손절 10%   7.91   0.466 -31.6    0.25       85       11.8     0.480     0.458    0.386       0.982  0.016 -0.195~+0.240 0.022      반대    REJECT
               X8 손절 20%   7.87   0.458 -36.5    0.22       85       11.0     0.579     0.361    0.306       1.005  0.008 -0.160~+0.183 0.025      반대 CANDIDATE
            X9 모멘텀 음전 청산   2.78   0.236 -40.2    0.07       84       24.4     0.372     0.123   -0.153       0.757 -0.214 -0.444~+0.022 0.000      같음    REJECT
          X10 50일선 이탈 청산   7.86   0.468 -34.6    0.23       85       22.5     0.453     0.486    0.100       0.853  0.018 -0.217~+0.267 0.020      반대    REJECT
              X11 만기 10일   7.19   0.431 -32.9    0.22       85       21.3     0.615     0.282    0.132       1.033 -0.019 -0.246~+0.200 0.012      같음    REJECT
              X12 만기 40일  13.93   0.693 -28.2    0.49       85        5.5     0.921     0.499    0.627       1.236  0.243 +0.029~+0.468 0.425      같음 CANDIDATE
              X13 만기 60일  11.02   0.573 -30.9    0.36       84        3.6     0.940     0.259    0.524       1.190  0.123 -0.164~+0.432 0.112      같음    REJECT
      X14 만기 때 상위20이면 연장  15.00   0.746 -30.9    0.49       85        7.4     0.811     0.697    0.642       1.168  0.296 +0.083~+0.506 0.777      같음 CANDIDATE
    M1 지수<200일선: 신규매수 중단   7.14   0.445 -33.5    0.21       72        9.3     0.553     0.350    0.345       1.051 -0.006 -0.300~+0.276 0.010      같음    REJECT
      M2 지수<200일선: 전량 현금   6.84   0.442 -23.8    0.29       67        9.6     0.506     0.392    0.286       1.097 -0.008 -0.292~+0.283 0.008      반대    REJECT
    M3 REGIME_DERISK 70%   8.28   0.483 -30.6    0.27       84       10.6     0.548     0.429    0.451       1.147  0.033 -0.118~+0.185 0.037      같음    REJECT
          M4 대기현금 QQQ 보유  12.58   0.615 -29.6    0.42       82       10.3     0.671     0.567    0.417       0.493  0.165 +0.001~+0.352 0.523      반대 CANDIDATE
           E1 순위=60일 모멘텀  12.61   0.664 -36.8    0.34       80       10.0     0.927     0.455    0.527       1.015  0.213 -0.038~+0.445 0.254      반대 CANDIDATE
          E2 순위=126일 모멘텀  14.10   0.728 -33.1    0.43       77        9.6     0.908     0.578    0.591       1.120  0.278 +0.018~+0.530 0.360      같음 CANDIDATE
        E3 순위=12-1개월 모멘텀  12.60   0.686 -28.0    0.45       72        9.2     0.858     0.551    0.550       1.086  0.236 -0.088~+0.574 0.172      같음 CANDIDATE
         E4 순위=변동성조정 20일  11.09   0.664 -26.5    0.42       84       10.7     0.653     0.676    0.491       1.003  0.214 -0.023~+0.463 0.115      반대 CANDIDATE
          E5 순위=52주고점 근접   8.99   0.604 -21.6    0.42       78        9.9     0.918     0.310    0.426       0.856  0.154 -0.159~+0.464 0.023      반대    REJECT
       E6 종목 200일선 위만 진입   8.45   0.490 -32.6    0.26       85       10.7     0.487     0.498    0.341       1.102  0.040 -0.177~+0.276 0.036      같음    REJECT
       E7 RSI14≥80 진입 제외   9.64   0.531 -31.2    0.31       85       10.7     0.516     0.550    0.383       1.147  0.081 -0.063~+0.235 0.141      같음    REJECT
           E8 슬롯5·종목당20%  10.68   0.560 -37.3    0.29       76        9.7     0.584     0.548    0.444       1.061  0.110 -0.158~+0.372 0.139      반대 CANDIDATE
          E9 슬롯15·종목당10%   7.86   0.473 -29.3    0.27       85       10.7     0.649     0.327    0.316       1.094  0.023 -0.134~+0.183 0.018      같음    REJECT
C 조합: R4 + X14 + M4 + E2  24.82   0.841 -43.4    0.57      100        2.3     1.150     0.594    0.796       1.004  0.391 +0.080~+0.723 0.760      반대 CANDIDATE

### ④ 벤치마크 (PIT 구간, QQQ 총수익)
            기준  CAGR%  Sharpe  MDD%  L0 대비 ΔSh            CI
       지수 매수보유  18.86   0.898 -35.1      0.448 +0.098~+0.834
  지수 200일선 타이밍  14.68   0.926 -22.2      0.476 +0.082~+0.887
유니버스 동일가중(비용0)  14.55   0.754 -32.3      0.304 -0.023~+0.676

### ⑤ 매도 후 경로 — L0 현행(운영 근사)
      건수  매도후10일%  지수대비10일%  매도후20일%  지수대비20일%  매도후20일 상승비율%
사유                                                          
만기  1455     0.86      0.11     1.29      -0.2          53.7

### ⑤ 매도 후 경로 — X2 추적손절 15%
        건수  매도후10일%  지수대비10일%  매도후20일%  지수대비20일%  매도후20일 상승비율%
사유                                                            
만기    1332     0.75     -0.11     1.31     -0.11          54.2
추적손절   188     1.52      1.11     1.63      0.34          49.5

### ⑤ 매도 후 경로 — X9 모멘텀 음전 청산
         건수  매도후10일%  지수대비10일%  매도후20일%  지수대비20일%  매도후20일 상승비율%
사유                                                             
만기      786     0.74      0.13     1.04      0.04          52.9
모멘텀음전  2035     1.04     -0.24     2.00     -0.80          59.1

### ⑤ 매도 후 경로 — X10 50일선 이탈 청산
          건수  매도후10일%  지수대비10일%  매도후20일%  지수대비20일%  매도후20일 상승비율%
사유                                                              
50일선이탈  1637     1.20     -0.32     2.62     -0.86          63.2
만기      1068     0.84      0.19     1.28      0.22          54.3

### ⑤ 매도 후 경로 — X7 손절 10%
      건수  매도후10일%  지수대비10일%  매도후20일%  지수대비20일%  매도후20일 상승비율%
사유                                                          
만기  1289     0.77      0.09     1.30     -0.14          54.4
손절   288     0.14     -0.67     1.48     -0.37          51.4

### ⑥ 연도별 수익률 %
 Date    L0    X2    X9    M1    M2    M4    E3     C   QQQ
 2015  -4.1   1.6  -4.2   0.9  -2.9  -3.8  -0.5  14.0   9.8
 2016  -0.2  -0.8  -8.6   7.4  -1.6  -9.7  12.6  33.1   7.1
 2017  22.4  32.5  21.6  24.4  18.1  32.8  14.5  45.0  32.7
 2018  -5.3  -4.6 -12.4  -4.4  -4.8  -1.2  -7.4  -8.9  -0.1
 2019  21.7  27.8  12.3  -2.8  15.0  25.4  28.9  22.9  39.0
 2020  28.8  30.0  29.9  32.7  24.3  46.6  48.5 129.8  48.4
 2021   8.5  12.0   7.0  16.0  13.4  16.6   8.9   3.6  27.4
 2022 -17.8 -14.1 -20.7 -12.7 -14.1 -15.0 -12.0 -27.2 -32.6
 2023  28.5  25.0  15.5  11.5   6.2  44.2  16.9  36.7  54.9
 2024   1.3  13.9  -6.1  -4.8   3.2   5.9  14.9   8.3  25.6
 2025  -9.0  -4.4 -22.1   3.5  12.9 -11.6  -4.2  26.2  20.8
 2026  28.3  36.7  41.1  20.9  17.0  41.7  42.1  66.2  15.6

산출물 research/out/g_*.csv · 53초
